// Jest Snapshot v1, https://goo.gl/fbAQLP

exports[`Testing Home component renders as expected!!! 1`] = `
<div>
  <div>
    MyTest
  </div>
</div>
`;
